
NOMI                 ANCDATE   NOMP                 NOMV                                                                                                                                                                                                            
-------------------- --------- -------------------- --------------------                                                                                                                                                                                            
Thomas               21-OCT-03 Mousse chocolat      eau                                                                                                                                                                                                             
Thomas               21-OCT-03 Ile flottante        eau                                                                                                                                                                                                             
Thomas               21-OCT-03 Steak hache          Cote de Nuits                                                                                                                                                                                                   
Thomas               21-OCT-03 Foie gras            Veuve Cliquot                                                                                                                                                                                                   
Phil                 06-MAR-05 Mousse chocolat      Vasse Felix                                                                                                                                                                                                     
Phil                 06-MAR-05 Pates beurre         Vasse Felix                                                                                                                                                                                                     
Jacques              31-DEC-04 Plateau fromages     eau                                                                                                                                                                                                             
Jacques              31-DEC-04 Mousse chocolat      eau                                                                                                                                                                                                             
Jacques              31-DEC-04 Medaillon langouste  eau                                                                                                                                                                                                             
Patrick              31-DEC-04 Plateau fromages     eau                                                                                                                                                                                                             
Patrick              31-DEC-04 Mousse chocolat      eau                                                                                                                                                                                                             
Patrick              31-DEC-04 Medaillon langouste  eau                                                                                                                                                                                                             
Myriam               21-OCT-03 Mousse chocolat      eau                                                                                                                                                                                                             
Myriam               21-OCT-03 Ile flottante        eau                                                                                                                                                                                                             
Myriam               21-OCT-03 Steak hache          Cote de Nuits                                                                                                                                                                                                   
Myriam               21-OCT-03 Foie gras            Veuve Cliquot                                                                                                                                                                                                   
Malou                31-DEC-04 Plateau fromages     eau                                                                                                                                                                                                             
Malou                31-DEC-04 Mousse chocolat      eau                                                                                                                                                                                                             
Malou                31-DEC-04 Medaillon langouste  eau                                                                                                                                                                                                             
Marie                21-OCT-03 Mousse chocolat      eau                                                                                                                                                                                                             
Marie                21-OCT-03 Ile flottante        eau                                                                                                                                                                                                             
Marie                21-OCT-03 Steak hache          Cote de Nuits                                                                                                                                                                                                   
Marie                21-OCT-03 Foie gras            Veuve Cliquot                                                                                                                                                                                                   
Jackie               06-MAR-05 Mousse chocolat      Vasse Felix                                                                                                                                                                                                     
Jackie               06-MAR-05 Pates beurre         Vasse Felix                                                                                                                                                                                                     

25 rows selected.

