SQL> select P.numc, R3.rang, P.datedep, R3.villes, R3.nbjours
  2  				from (
  3  					select numc, 0 as rang, vDep as villes, 0 as nbjours --R1
  4  						from agence.lescircuits
  5  					union
  6  					select C.numc, max(E.rang)+1 as rang, varr, 0 as nbjours	--R2
  7  						from agence.lescircuits C join agence.lesetapes E on (C.numc=E.numc)
  8  						group by C.numc, varr
  9  					union
 10  					select numc, rang, vetape, nbjours
 11  						from agence.lesetapes
 12  					) R3 join agence.lesprogrammations P
 13  						on (R3.numc=P.numc)
 14  				order by P.numc, P.datedep, R3.rang;

      NUMC       RANG DATEDEP   VILLES                  NBJOURS                 
---------- ---------- --------- -------------------- ----------                 
         1          0 04-JAN-10 Paris                         0                 
         1          1 04-JAN-10 Londres                       2                 
         1          2 04-JAN-10 Paris                         0                 
         1          0 04-FEB-10 Paris                         0                 
         1          1 04-FEB-10 Londres                       2                 
         1          2 04-FEB-10 Paris                         0                 
         1          0 06-FEB-10 Paris                         0                 
         1          1 06-FEB-10 Londres                       2                 
         1          2 06-FEB-10 Paris                         0                 
         1          0 21-JUL-10 Paris                         0                 
         1          1 21-JUL-10 Londres                       2                 

      NUMC       RANG DATEDEP   VILLES                  NBJOURS                 
---------- ---------- --------- -------------------- ----------                 
         1          2 21-JUL-10 Paris                         0                 
         1          0 24-JUL-10 Paris                         0                 
         1          1 24-JUL-10 Londres                       2                 
         1          2 24-JUL-10 Paris                         0                 
         2          0 06-JAN-10 Paris                         0                 
         2          1 06-JAN-10 Londres                       2                 
         2          2 06-JAN-10 Paris                         0                 
         2          0 07-JAN-10 Paris                         0                 
         2          1 07-JAN-10 Londres                       2                 
         2          2 07-JAN-10 Paris                         0                 
         2          0 05-FEB-10 Paris                         0                 

      NUMC       RANG DATEDEP   VILLES                  NBJOURS                 
---------- ---------- --------- -------------------- ----------                 
         2          1 05-FEB-10 Londres                       2                 
         2          2 05-FEB-10 Paris                         0                 
         2          0 06-FEB-10 Paris                         0                 
         2          1 06-FEB-10 Londres                       2                 
         2          2 06-FEB-10 Paris                         0                 
         2          0 05-SEP-10 Paris                         0                 
         2          1 05-SEP-10 Londres                       2                 
         2          2 05-SEP-10 Paris                         0                 
         3          0 24-DEC-09 Paris                         0                 
         3          1 24-DEC-09 Amsterdam                     3                 
         3          2 24-DEC-09 Paris                         0                 

      NUMC       RANG DATEDEP   VILLES                  NBJOURS                 
---------- ---------- --------- -------------------- ----------                 
         3          0 31-DEC-09 Paris                         0                 
         3          1 31-DEC-09 Amsterdam                     3                 
         3          2 31-DEC-09 Paris                         0                 
         3          0 03-JUL-10 Paris                         0                 
         3          1 03-JUL-10 Amsterdam                     3                 
         3          2 03-JUL-10 Paris                         0                 
         4          0 30-JUN-10 Paris                         0                 
         4          1 30-JUN-10 Amsterdam                     4                 
         4          2 30-JUN-10 Paris                         0                 
         4          0 06-AUG-10 Paris                         0                 
         4          1 06-AUG-10 Amsterdam                     4                 

      NUMC       RANG DATEDEP   VILLES                  NBJOURS                 
---------- ---------- --------- -------------------- ----------                 
         4          2 06-AUG-10 Paris                         0                 
         4          0 31-AUG-10 Paris                         0                 
         4          1 31-AUG-10 Amsterdam                     4                 
         4          2 31-AUG-10 Paris                         0                 
         4          0 06-NOV-10 Paris                         0                 
         4          1 06-NOV-10 Amsterdam                     4                 
         4          2 06-NOV-10 Paris                         0                 
         5          0 31-AUG-10 Lyon                          0                 
         5          1 31-AUG-10 Venise                        5                 
         5          2 31-AUG-10 Lyon                          0                 
         5          0 06-NOV-10 Lyon                          0                 

      NUMC       RANG DATEDEP   VILLES                  NBJOURS                 
---------- ---------- --------- -------------------- ----------                 
         5          1 06-NOV-10 Venise                        5                 
         5          2 06-NOV-10 Lyon                          0                 
         6          0 06-FEB-10 Paris                         0                 
         6          1 06-FEB-10 Venise                        4                 
         6          2 06-FEB-10 Paris                         0                 
         6          0 06-SEP-10 Paris                         0                 
         6          1 06-SEP-10 Venise                        4                 
         6          2 06-SEP-10 Paris                         0                 
         6          0 06-OCT-10 Paris                         0                 
         6          1 06-OCT-10 Venise                        4                 
         6          2 06-OCT-10 Paris                         0                 

      NUMC       RANG DATEDEP   VILLES                  NBJOURS                 
---------- ---------- --------- -------------------- ----------                 
         6          0 16-NOV-10 Paris                         0                 
         6          1 16-NOV-10 Venise                        4                 
         6          2 16-NOV-10 Paris                         0                 
         7          0 16-DEC-09 Quiberon                      0                 
         7          1 16-DEC-09 Quiberon                      2                 
         7          2 16-DEC-09 Port Cotton                   2                 
         7          3 16-DEC-09 Port Maria                    1                 
         7          4 16-DEC-09 Houat                         1                 
         7          5 16-DEC-09 Hoedic                        1                 
         7          6 16-DEC-09 Hoedic                        0                 
         7          0 06-JAN-10 Quiberon                      0                 

      NUMC       RANG DATEDEP   VILLES                  NBJOURS                 
---------- ---------- --------- -------------------- ----------                 
         7          1 06-JAN-10 Quiberon                      2                 
         7          2 06-JAN-10 Port Cotton                   2                 
         7          3 06-JAN-10 Port Maria                    1                 
         7          4 06-JAN-10 Houat                         1                 
         7          5 06-JAN-10 Hoedic                        1                 
         7          6 06-JAN-10 Hoedic                        0                 
         7          0 26-FEB-10 Quiberon                      0                 
         7          1 26-FEB-10 Quiberon                      2                 
         7          2 26-FEB-10 Port Cotton                   2                 
         7          3 26-FEB-10 Port Maria                    1                 
         7          4 26-FEB-10 Houat                         1                 

      NUMC       RANG DATEDEP   VILLES                  NBJOURS                 
---------- ---------- --------- -------------------- ----------                 
         7          5 26-FEB-10 Hoedic                        1                 
         7          6 26-FEB-10 Hoedic                        0                 
         7          0 31-AUG-10 Quiberon                      0                 
         7          1 31-AUG-10 Quiberon                      2                 
         7          2 31-AUG-10 Port Cotton                   2                 
         7          3 31-AUG-10 Port Maria                    1                 
         7          4 31-AUG-10 Houat                         1                 
         7          5 31-AUG-10 Hoedic                        1                 
         7          6 31-AUG-10 Hoedic                        0                 
         7          0 31-OCT-10 Quiberon                      0                 
         7          1 31-OCT-10 Quiberon                      2                 

      NUMC       RANG DATEDEP   VILLES                  NBJOURS                 
---------- ---------- --------- -------------------- ----------                 
         7          2 31-OCT-10 Port Cotton                   2                 
         7          3 31-OCT-10 Port Maria                    1                 
         7          4 31-OCT-10 Houat                         1                 
         7          5 31-OCT-10 Hoedic                        1                 
         7          6 31-OCT-10 Hoedic                        0                 
         8          0 24-DEC-09 Clermont Ferrand              0                 
         8          1 24-DEC-09 Laschamps                     2                 
         8          2 24-DEC-09 Orcival                       3                 
         8          3 24-DEC-09 Besse                         2                 
         8          4 24-DEC-09 Besse                         0                 
         8          0 31-DEC-09 Clermont Ferrand              0                 

      NUMC       RANG DATEDEP   VILLES                  NBJOURS                 
---------- ---------- --------- -------------------- ----------                 
         8          1 31-DEC-09 Laschamps                     2                 
         8          2 31-DEC-09 Orcival                       3                 
         8          3 31-DEC-09 Besse                         2                 
         8          4 31-DEC-09 Besse                         0                 
         8          0 14-FEB-10 Clermont Ferrand              0                 
         8          1 14-FEB-10 Laschamps                     2                 
         8          2 14-FEB-10 Orcival                       3                 
         8          3 14-FEB-10 Besse                         2                 
         8          4 14-FEB-10 Besse                         0                 
         8          0 16-FEB-10 Clermont Ferrand              0                 
         8          1 16-FEB-10 Laschamps                     2                 

      NUMC       RANG DATEDEP   VILLES                  NBJOURS                 
---------- ---------- --------- -------------------- ----------                 
         8          2 16-FEB-10 Orcival                       3                 
         8          3 16-FEB-10 Besse                         2                 
         8          4 16-FEB-10 Besse                         0                 
         8          0 21-FEB-10 Clermont Ferrand              0                 
         8          1 21-FEB-10 Laschamps                     2                 
         8          2 21-FEB-10 Orcival                       3                 
         8          3 21-FEB-10 Besse                         2                 
         8          4 21-FEB-10 Besse                         0                 
         8          0 28-FEB-10 Clermont Ferrand              0                 
         8          1 28-FEB-10 Laschamps                     2                 
         8          2 28-FEB-10 Orcival                       3                 

      NUMC       RANG DATEDEP   VILLES                  NBJOURS                 
---------- ---------- --------- -------------------- ----------                 
         8          3 28-FEB-10 Besse                         2                 
         8          4 28-FEB-10 Besse                         0                 
         8          0 26-APR-10 Clermont Ferrand              0                 
         8          1 26-APR-10 Laschamps                     2                 
         8          2 26-APR-10 Orcival                       3                 
         8          3 26-APR-10 Besse                         2                 
         8          4 26-APR-10 Besse                         0                 
         8          0 16-MAY-10 Clermont Ferrand              0                 
         8          1 16-MAY-10 Laschamps                     2                 
         8          2 16-MAY-10 Orcival                       3                 
         8          3 16-MAY-10 Besse                         2                 

      NUMC       RANG DATEDEP   VILLES                  NBJOURS                 
---------- ---------- --------- -------------------- ----------                 
         8          4 16-MAY-10 Besse                         0                 
         8          0 21-JUL-10 Clermont Ferrand              0                 
         8          1 21-JUL-10 Laschamps                     2                 
         8          2 21-JUL-10 Orcival                       3                 
         8          3 21-JUL-10 Besse                         2                 
         8          4 21-JUL-10 Besse                         0                 
         8          0 31-AUG-10 Clermont Ferrand              0                 
         8          1 31-AUG-10 Laschamps                     2                 
         8          2 31-AUG-10 Orcival                       3                 
         8          3 31-AUG-10 Besse                         2                 
         8          4 31-AUG-10 Besse                         0                 

      NUMC       RANG DATEDEP   VILLES                  NBJOURS                 
---------- ---------- --------- -------------------- ----------                 
         8          0 14-NOV-10 Clermont Ferrand              0                 
         8          1 14-NOV-10 Laschamps                     2                 
         8          2 14-NOV-10 Orcival                       3                 
         8          3 14-NOV-10 Besse                         2                 
         8          4 14-NOV-10 Besse                         0                 
         9          0 06-FEB-10 Paris                         0                 
         9          1 06-FEB-10 Sissinghurst                  2                 
         9          2 06-FEB-10 Salisbury                     2                 
         9          3 06-FEB-10 Exeter                        1                 
         9          4 06-FEB-10 St Ives                       1                 
         9          5 06-FEB-10 Bath                          1                 

      NUMC       RANG DATEDEP   VILLES                  NBJOURS                 
---------- ---------- --------- -------------------- ----------                 
         9          6 06-FEB-10 Londres                       1                 
         9          7 06-FEB-10 Paris                         0                 
         9          0 30-OCT-10 Paris                         0                 
         9          1 30-OCT-10 Sissinghurst                  2                 
         9          2 30-OCT-10 Salisbury                     2                 
         9          3 30-OCT-10 Exeter                        1                 
         9          4 30-OCT-10 St Ives                       1                 
         9          5 30-OCT-10 Bath                          1                 
         9          6 30-OCT-10 Londres                       1                 
         9          7 30-OCT-10 Paris                         0                 
        10          0 01-JAN-10 Shannon                       0                 

      NUMC       RANG DATEDEP   VILLES                  NBJOURS                 
---------- ---------- --------- -------------------- ----------                 
        10          1 01-JAN-10 Shannon                       1                 
        10          2 01-JAN-10 Dingle                        3                 
        10          3 01-JAN-10 Killarney                     2                 
        10          4 01-JAN-10 Kenmare                       1                 
        10          5 01-JAN-10 Glengariff                    3                 
        10          6 01-JAN-10 Bantry                        2                 
        10          7 01-JAN-10 Cork                          1                 
        10          8 01-JAN-10 Cork                          0                 
        10          0 21-JAN-10 Shannon                       0                 
        10          1 21-JAN-10 Shannon                       1                 
        10          2 21-JAN-10 Dingle                        3                 

      NUMC       RANG DATEDEP   VILLES                  NBJOURS                 
---------- ---------- --------- -------------------- ----------                 
        10          3 21-JAN-10 Killarney                     2                 
        10          4 21-JAN-10 Kenmare                       1                 
        10          5 21-JAN-10 Glengariff                    3                 
        10          6 21-JAN-10 Bantry                        2                 
        10          7 21-JAN-10 Cork                          1                 
        10          8 21-JAN-10 Cork                          0                 
        10          0 11-FEB-10 Shannon                       0                 
        10          1 11-FEB-10 Shannon                       1                 
        10          2 11-FEB-10 Dingle                        3                 
        10          3 11-FEB-10 Killarney                     2                 
        10          4 11-FEB-10 Kenmare                       1                 

      NUMC       RANG DATEDEP   VILLES                  NBJOURS                 
---------- ---------- --------- -------------------- ----------                 
        10          5 11-FEB-10 Glengariff                    3                 
        10          6 11-FEB-10 Bantry                        2                 
        10          7 11-FEB-10 Cork                          1                 
        10          8 11-FEB-10 Cork                          0                 
        10          0 28-FEB-10 Shannon                       0                 
        10          1 28-FEB-10 Shannon                       1                 
        10          2 28-FEB-10 Dingle                        3                 
        10          3 28-FEB-10 Killarney                     2                 
        10          4 28-FEB-10 Kenmare                       1                 
        10          5 28-FEB-10 Glengariff                    3                 
        10          6 28-FEB-10 Bantry                        2                 

      NUMC       RANG DATEDEP   VILLES                  NBJOURS                 
---------- ---------- --------- -------------------- ----------                 
        10          7 28-FEB-10 Cork                          1                 
        10          8 28-FEB-10 Cork                          0                 
        11          0 06-FEB-10 Shannon                       0                 
        11          1 06-FEB-10 Galway                        2                 
        11          2 06-FEB-10 Clifden                       2                 
        11          3 06-FEB-10 Cleggan                       2                 
        11          4 06-FEB-10 Leenan                        1                 
        11          5 06-FEB-10 Louisburgh                    2                 
        11          6 06-FEB-10 Westport                      2                 
        11          7 06-FEB-10 Ennis                         2                 
        11          8 06-FEB-10 Shannon                       0                 

      NUMC       RANG DATEDEP   VILLES                  NBJOURS                 
---------- ---------- --------- -------------------- ----------                 
        11          0 28-FEB-10 Shannon                       0                 
        11          1 28-FEB-10 Galway                        2                 
        11          2 28-FEB-10 Clifden                       2                 
        11          3 28-FEB-10 Cleggan                       2                 
        11          4 28-FEB-10 Leenan                        1                 
        11          5 28-FEB-10 Louisburgh                    2                 
        11          6 28-FEB-10 Westport                      2                 
        11          7 28-FEB-10 Ennis                         2                 
        11          8 28-FEB-10 Shannon                       0                 
        11          0 29-MAY-10 Shannon                       0                 
        11          1 29-MAY-10 Galway                        2                 

      NUMC       RANG DATEDEP   VILLES                  NBJOURS                 
---------- ---------- --------- -------------------- ----------                 
        11          2 29-MAY-10 Clifden                       2                 
        11          3 29-MAY-10 Cleggan                       2                 
        11          4 29-MAY-10 Leenan                        1                 
        11          5 29-MAY-10 Louisburgh                    2                 
        11          6 29-MAY-10 Westport                      2                 
        11          7 29-MAY-10 Ennis                         2                 
        11          8 29-MAY-10 Shannon                       0                 
        11          0 30-JUN-10 Shannon                       0                 
        11          1 30-JUN-10 Galway                        2                 
        11          2 30-JUN-10 Clifden                       2                 
        11          3 30-JUN-10 Cleggan                       2                 

      NUMC       RANG DATEDEP   VILLES                  NBJOURS                 
---------- ---------- --------- -------------------- ----------                 
        11          4 30-JUN-10 Leenan                        1                 
        11          5 30-JUN-10 Louisburgh                    2                 
        11          6 30-JUN-10 Westport                      2                 
        11          7 30-JUN-10 Ennis                         2                 
        11          8 30-JUN-10 Shannon                       0                 
        12          0 06-FEB-10 Dublin                        0                 
        12          1 06-FEB-10 Donegal                       1                 
        12          2 06-FEB-10 Killibegs                     2                 
        12          3 06-FEB-10 Carrick                       2                 
        12          4 06-FEB-10 Ardara                        2                 
        12          5 06-FEB-10 Dungloe                       2                 

      NUMC       RANG DATEDEP   VILLES                  NBJOURS                 
---------- ---------- --------- -------------------- ----------                 
        12          6 06-FEB-10 Letterkenny                   1                 
        12          7 06-FEB-10 Dublin                        2                 
        12          8 06-FEB-10 Dublin                        0                 
        13          0 31-DEC-09 Paris                         0                 
        13          1 31-DEC-09 Copenhague                    4                 
        13          2 31-DEC-09 Jakobshavn                    2                 
        13          3 31-DEC-09 Christianshab                 2                 
        13          4 31-DEC-09 Godhavn                       1                 
        13          5 31-DEC-09 Disko                         2                 
        13          6 31-DEC-09 Egedesmine                    1                 
        13          7 31-DEC-09 Holsteinborg                  4                 

      NUMC       RANG DATEDEP   VILLES                  NBJOURS                 
---------- ---------- --------- -------------------- ----------                 
        13          8 31-DEC-09 Sondre                        2                 
        13          9 31-DEC-09 Paris                         0                 
        13          0 01-JAN-10 Paris                         0                 
        13          1 01-JAN-10 Copenhague                    4                 
        13          2 01-JAN-10 Jakobshavn                    2                 
        13          3 01-JAN-10 Christianshab                 2                 
        13          4 01-JAN-10 Godhavn                       1                 
        13          5 01-JAN-10 Disko                         2                 
        13          6 01-JAN-10 Egedesmine                    1                 
        13          7 01-JAN-10 Holsteinborg                  4                 
        13          8 01-JAN-10 Sondre                        2                 

      NUMC       RANG DATEDEP   VILLES                  NBJOURS                 
---------- ---------- --------- -------------------- ----------                 
        13          9 01-JAN-10 Paris                         0                 
        13          0 06-FEB-10 Paris                         0                 
        13          1 06-FEB-10 Copenhague                    4                 
        13          2 06-FEB-10 Jakobshavn                    2                 
        13          3 06-FEB-10 Christianshab                 2                 
        13          4 06-FEB-10 Godhavn                       1                 
        13          5 06-FEB-10 Disko                         2                 
        13          6 06-FEB-10 Egedesmine                    1                 
        13          7 06-FEB-10 Holsteinborg                  4                 
        13          8 06-FEB-10 Sondre                        2                 
        13          9 06-FEB-10 Paris                         0                 

      NUMC       RANG DATEDEP   VILLES                  NBJOURS                 
---------- ---------- --------- -------------------- ----------                 
        13          0 30-APR-10 Paris                         0                 
        13          1 30-APR-10 Copenhague                    4                 
        13          2 30-APR-10 Jakobshavn                    2                 
        13          3 30-APR-10 Christianshab                 2                 
        13          4 30-APR-10 Godhavn                       1                 
        13          5 30-APR-10 Disko                         2                 
        13          6 30-APR-10 Egedesmine                    1                 
        13          7 30-APR-10 Holsteinborg                  4                 
        13          8 30-APR-10 Sondre                        2                 
        13          9 30-APR-10 Paris                         0                 
        13          0 06-MAY-10 Paris                         0                 

      NUMC       RANG DATEDEP   VILLES                  NBJOURS                 
---------- ---------- --------- -------------------- ----------                 
        13          1 06-MAY-10 Copenhague                    4                 
        13          2 06-MAY-10 Jakobshavn                    2                 
        13          3 06-MAY-10 Christianshab                 2                 
        13          4 06-MAY-10 Godhavn                       1                 
        13          5 06-MAY-10 Disko                         2                 
        13          6 06-MAY-10 Egedesmine                    1                 
        13          7 06-MAY-10 Holsteinborg                  4                 
        13          8 06-MAY-10 Sondre                        2                 
        13          9 06-MAY-10 Paris                         0                 
        13          0 31-MAY-10 Paris                         0                 
        13          1 31-MAY-10 Copenhague                    4                 

      NUMC       RANG DATEDEP   VILLES                  NBJOURS                 
---------- ---------- --------- -------------------- ----------                 
        13          2 31-MAY-10 Jakobshavn                    2                 
        13          3 31-MAY-10 Christianshab                 2                 
        13          4 31-MAY-10 Godhavn                       1                 
        13          5 31-MAY-10 Disko                         2                 
        13          6 31-MAY-10 Egedesmine                    1                 
        13          7 31-MAY-10 Holsteinborg                  4                 
        13          8 31-MAY-10 Sondre                        2                 
        13          9 31-MAY-10 Paris                         0                 
        13          0 30-JUN-10 Paris                         0                 
        13          1 30-JUN-10 Copenhague                    4                 
        13          2 30-JUN-10 Jakobshavn                    2                 

      NUMC       RANG DATEDEP   VILLES                  NBJOURS                 
---------- ---------- --------- -------------------- ----------                 
        13          3 30-JUN-10 Christianshab                 2                 
        13          4 30-JUN-10 Godhavn                       1                 
        13          5 30-JUN-10 Disko                         2                 
        13          6 30-JUN-10 Egedesmine                    1                 
        13          7 30-JUN-10 Holsteinborg                  4                 
        13          8 30-JUN-10 Sondre                        2                 
        13          9 30-JUN-10 Paris                         0                 
        13          0 31-DEC-10 Paris                         0                 
        13          1 31-DEC-10 Copenhague                    4                 
        13          2 31-DEC-10 Jakobshavn                    2                 
        13          3 31-DEC-10 Christianshab                 2                 

      NUMC       RANG DATEDEP   VILLES                  NBJOURS                 
---------- ---------- --------- -------------------- ----------                 
        13          4 31-DEC-10 Godhavn                       1                 
        13          5 31-DEC-10 Disko                         2                 
        13          6 31-DEC-10 Egedesmine                    1                 
        13          7 31-DEC-10 Holsteinborg                  4                 
        13          8 31-DEC-10 Sondre                        2                 
        13          9 31-DEC-10 Paris                         0                 
        14          0 06-JUL-10 Reykjavik                     0                 
        14          1 06-JUL-10 Reykjavik                     3                 
        14          2 06-JUL-10 Gullfoss                      2                 
        14          3 06-JUL-10 Geysir                        2                 
        14          4 06-JUL-10 Hveravellir                   2                 

      NUMC       RANG DATEDEP   VILLES                  NBJOURS                 
---------- ---------- --------- -------------------- ----------                 
        14          5 06-JUL-10 Akureyri                      2                 
        14          6 06-JUL-10 Myvatn                        2                 
        14          7 06-JUL-10 Asbyrgi                       2                 
        14          8 06-JUL-10 Reykjavik                     0                 
        14          0 26-JUL-10 Reykjavik                     0                 
        14          1 26-JUL-10 Reykjavik                     3                 
        14          2 26-JUL-10 Gullfoss                      2                 
        14          3 26-JUL-10 Geysir                        2                 
        14          4 26-JUL-10 Hveravellir                   2                 
        14          5 26-JUL-10 Akureyri                      2                 
        14          6 26-JUL-10 Myvatn                        2                 

      NUMC       RANG DATEDEP   VILLES                  NBJOURS                 
---------- ---------- --------- -------------------- ----------                 
        14          7 26-JUL-10 Asbyrgi                       2                 
        14          8 26-JUL-10 Reykjavik                     0                 
        15          0 06-FEB-10 Paris                         0                 
        15          1 06-FEB-10 Reykjavik                     2                 
        15          2 06-FEB-10 Reykholt                      2                 
        15          3 06-FEB-10 Husavik                       2                 
        15          4 06-FEB-10 Godafoss                      2                 
        15          5 06-FEB-10 Paris                         0                 
        15          0 31-AUG-10 Paris                         0                 
        15          1 31-AUG-10 Reykjavik                     2                 
        15          2 31-AUG-10 Reykholt                      2                 

      NUMC       RANG DATEDEP   VILLES                  NBJOURS                 
---------- ---------- --------- -------------------- ----------                 
        15          3 31-AUG-10 Husavik                       2                 
        15          4 31-AUG-10 Godafoss                      2                 
        15          5 31-AUG-10 Paris                         0                 
        16          0 06-JAN-10 Paris                         0                 
        16          1 06-JAN-10 Helsinky                      2                 
        16          2 06-JAN-10 Ylivieska                     1                 
        16          3 06-JAN-10 Tornio                        1                 
        16          4 06-JAN-10 Cap Nord                      1                 
        16          5 06-JAN-10 Hammerfest                    1                 
        16          6 06-JAN-10 Inari                         1                 
        16          7 06-JAN-10 Salla                         1                 

      NUMC       RANG DATEDEP   VILLES                  NBJOURS                 
---------- ---------- --------- -------------------- ----------                 
        16          8 06-JAN-10 Saarijarvi                    2                 
        16          9 06-JAN-10 Paris                         0                 
        16          0 06-FEB-10 Paris                         0                 
        16          1 06-FEB-10 Helsinky                      2                 
        16          2 06-FEB-10 Ylivieska                     1                 
        16          3 06-FEB-10 Tornio                        1                 
        16          4 06-FEB-10 Cap Nord                      1                 
        16          5 06-FEB-10 Hammerfest                    1                 
        16          6 06-FEB-10 Inari                         1                 
        16          7 06-FEB-10 Salla                         1                 
        16          8 06-FEB-10 Saarijarvi                    2                 

      NUMC       RANG DATEDEP   VILLES                  NBJOURS                 
---------- ---------- --------- -------------------- ----------                 
        16          9 06-FEB-10 Paris                         0                 
        16          0 31-AUG-10 Paris                         0                 
        16          1 31-AUG-10 Helsinky                      2                 
        16          2 31-AUG-10 Ylivieska                     1                 
        16          3 31-AUG-10 Tornio                        1                 
        16          4 31-AUG-10 Cap Nord                      1                 
        16          5 31-AUG-10 Hammerfest                    1                 
        16          6 31-AUG-10 Inari                         1                 
        16          7 31-AUG-10 Salla                         1                 
        16          8 31-AUG-10 Saarijarvi                    2                 
        16          9 31-AUG-10 Paris                         0                 

      NUMC       RANG DATEDEP   VILLES                  NBJOURS                 
---------- ---------- --------- -------------------- ----------                 
        17          0 06-FEB-10 Lisbonne                      0                 
        17          1 06-FEB-10 Lisbonne                      2                 
        17          2 06-FEB-10 Leiria                        1                 
        17          3 06-FEB-10 Porto                         2                 
        17          4 06-FEB-10 Vila Real                     2                 
        17          5 06-FEB-10 Urgeirica                     1                 
        17          6 06-FEB-10 Fatima                        2                 
        17          7 06-FEB-10 Castelo de Vide               1                 
        17          8 06-FEB-10 Evora                         2                 
        17          9 06-FEB-10 Faro                          1                 
        17         10 06-FEB-10 Lisbonne                      0                 

      NUMC       RANG DATEDEP   VILLES                  NBJOURS                 
---------- ---------- --------- -------------------- ----------                 
        17          0 16-FEB-10 Lisbonne                      0                 
        17          1 16-FEB-10 Lisbonne                      2                 
        17          2 16-FEB-10 Leiria                        1                 
        17          3 16-FEB-10 Porto                         2                 
        17          4 16-FEB-10 Vila Real                     2                 
        17          5 16-FEB-10 Urgeirica                     1                 
        17          6 16-FEB-10 Fatima                        2                 
        17          7 16-FEB-10 Castelo de Vide               1                 
        17          8 16-FEB-10 Evora                         2                 
        17          9 16-FEB-10 Faro                          1                 
        17         10 16-FEB-10 Lisbonne                      0                 

      NUMC       RANG DATEDEP   VILLES                  NBJOURS                 
---------- ---------- --------- -------------------- ----------                 
        17          0 26-FEB-10 Lisbonne                      0                 
        17          1 26-FEB-10 Lisbonne                      2                 
        17          2 26-FEB-10 Leiria                        1                 
        17          3 26-FEB-10 Porto                         2                 
        17          4 26-FEB-10 Vila Real                     2                 
        17          5 26-FEB-10 Urgeirica                     1                 
        17          6 26-FEB-10 Fatima                        2                 
        17          7 26-FEB-10 Castelo de Vide               1                 
        17          8 26-FEB-10 Evora                         2                 
        17          9 26-FEB-10 Faro                          1                 
        17         10 26-FEB-10 Lisbonne                      0                 

      NUMC       RANG DATEDEP   VILLES                  NBJOURS                 
---------- ---------- --------- -------------------- ----------                 
        17          0 31-DEC-10 Lisbonne                      0                 
        17          1 31-DEC-10 Lisbonne                      2                 
        17          2 31-DEC-10 Leiria                        1                 
        17          3 31-DEC-10 Porto                         2                 
        17          4 31-DEC-10 Vila Real                     2                 
        17          5 31-DEC-10 Urgeirica                     1                 
        17          6 31-DEC-10 Fatima                        2                 
        17          7 31-DEC-10 Castelo de Vide               1                 
        17          8 31-DEC-10 Evora                         2                 
        17          9 31-DEC-10 Faro                          1                 
        17         10 31-DEC-10 Lisbonne                      0                 

      NUMC       RANG DATEDEP   VILLES                  NBJOURS                 
---------- ---------- --------- -------------------- ----------                 
        18          0 30-APR-10 Paris                         0                 
        18          1 30-APR-10 Rome                          3                 
        18          2 30-APR-10 Florence                      3                 
        18          3 30-APR-10 Ravenne                       2                 
        18          4 30-APR-10 Verone                        1                 
        18          5 30-APR-10 Venise                        3                 
        18          6 30-APR-10 Paris                         0                 
        18          0 30-JUL-10 Paris                         0                 
        18          1 30-JUL-10 Rome                          3                 
        18          2 30-JUL-10 Florence                      3                 
        18          3 30-JUL-10 Ravenne                       2                 

      NUMC       RANG DATEDEP   VILLES                  NBJOURS                 
---------- ---------- --------- -------------------- ----------                 
        18          4 30-JUL-10 Verone                        1                 
        18          5 30-JUL-10 Venise                        3                 
        18          6 30-JUL-10 Paris                         0                 
        18          0 06-OCT-10 Paris                         0                 
        18          1 06-OCT-10 Rome                          3                 
        18          2 06-OCT-10 Florence                      3                 
        18          3 06-OCT-10 Ravenne                       2                 
        18          4 06-OCT-10 Verone                        1                 
        18          5 06-OCT-10 Venise                        3                 
        18          6 06-OCT-10 Paris                         0                 
        18          0 06-DEC-10 Paris                         0                 

      NUMC       RANG DATEDEP   VILLES                  NBJOURS                 
---------- ---------- --------- -------------------- ----------                 
        18          1 06-DEC-10 Rome                          3                 
        18          2 06-DEC-10 Florence                      3                 
        18          3 06-DEC-10 Ravenne                       2                 
        18          4 06-DEC-10 Verone                        1                 
        18          5 06-DEC-10 Venise                        3                 
        18          6 06-DEC-10 Paris                         0                 
        19          0 06-FEB-10 Rome                          0                 
        19          1 06-FEB-10 Rome                          2                 
        19          2 06-FEB-10 Naples                        1                 
        19          3 06-FEB-10 Pompei                        1                 
        19          4 06-FEB-10 Capri                         1                 

      NUMC       RANG DATEDEP   VILLES                  NBJOURS                 
---------- ---------- --------- -------------------- ----------                 
        19          5 06-FEB-10 Salerne                       1                 
        19          6 06-FEB-10 Cosenza                       2                 
        19          7 06-FEB-10 Catanzaro                     1                 
        19          8 06-FEB-10 Metaponto                     1                 
        19          9 06-FEB-10 Lecce                         1                 
        19         10 06-FEB-10 Brindisi                      1                 
        19         11 06-FEB-10 Bari                          2                 
        19         12 06-FEB-10 Benevento                     2                 
        19         13 06-FEB-10 Caserte                       2                 
        19         14 06-FEB-10 Rome                          0                 
        19          0 15-APR-10 Rome                          0                 

      NUMC       RANG DATEDEP   VILLES                  NBJOURS                 
---------- ---------- --------- -------------------- ----------                 
        19          1 15-APR-10 Rome                          2                 
        19          2 15-APR-10 Naples                        1                 
        19          3 15-APR-10 Pompei                        1                 
        19          4 15-APR-10 Capri                         1                 
        19          5 15-APR-10 Salerne                       1                 
        19          6 15-APR-10 Cosenza                       2                 
        19          7 15-APR-10 Catanzaro                     1                 
        19          8 15-APR-10 Metaponto                     1                 
        19          9 15-APR-10 Lecce                         1                 
        19         10 15-APR-10 Brindisi                      1                 
        19         11 15-APR-10 Bari                          2                 

      NUMC       RANG DATEDEP   VILLES                  NBJOURS                 
---------- ---------- --------- -------------------- ----------                 
        19         12 15-APR-10 Benevento                     2                 
        19         13 15-APR-10 Caserte                       2                 
        19         14 15-APR-10 Rome                          0                 
        19          0 05-AUG-10 Rome                          0                 
        19          1 05-AUG-10 Rome                          2                 
        19          2 05-AUG-10 Naples                        1                 
        19          3 05-AUG-10 Pompei                        1                 
        19          4 05-AUG-10 Capri                         1                 
        19          5 05-AUG-10 Salerne                       1                 
        19          6 05-AUG-10 Cosenza                       2                 
        19          7 05-AUG-10 Catanzaro                     1                 

      NUMC       RANG DATEDEP   VILLES                  NBJOURS                 
---------- ---------- --------- -------------------- ----------                 
        19          8 05-AUG-10 Metaponto                     1                 
        19          9 05-AUG-10 Lecce                         1                 
        19         10 05-AUG-10 Brindisi                      1                 
        19         11 05-AUG-10 Bari                          2                 
        19         12 05-AUG-10 Benevento                     2                 
        19         13 05-AUG-10 Caserte                       2                 
        19         14 05-AUG-10 Rome                          0                 
        19          0 06-SEP-10 Rome                          0                 
        19          1 06-SEP-10 Rome                          2                 
        19          2 06-SEP-10 Naples                        1                 
        19          3 06-SEP-10 Pompei                        1                 

      NUMC       RANG DATEDEP   VILLES                  NBJOURS                 
---------- ---------- --------- -------------------- ----------                 
        19          4 06-SEP-10 Capri                         1                 
        19          5 06-SEP-10 Salerne                       1                 
        19          6 06-SEP-10 Cosenza                       2                 
        19          7 06-SEP-10 Catanzaro                     1                 
        19          8 06-SEP-10 Metaponto                     1                 
        19          9 06-SEP-10 Lecce                         1                 
        19         10 06-SEP-10 Brindisi                      1                 
        19         11 06-SEP-10 Bari                          2                 
        19         12 06-SEP-10 Benevento                     2                 
        19         13 06-SEP-10 Caserte                       2                 
        19         14 06-SEP-10 Rome                          0                 

      NUMC       RANG DATEDEP   VILLES                  NBJOURS                 
---------- ---------- --------- -------------------- ----------                 
        19          0 16-SEP-10 Rome                          0                 
        19          1 16-SEP-10 Rome                          2                 
        19          2 16-SEP-10 Naples                        1                 
        19          3 16-SEP-10 Pompei                        1                 
        19          4 16-SEP-10 Capri                         1                 
        19          5 16-SEP-10 Salerne                       1                 
        19          6 16-SEP-10 Cosenza                       2                 
        19          7 16-SEP-10 Catanzaro                     1                 
        19          8 16-SEP-10 Metaponto                     1                 
        19          9 16-SEP-10 Lecce                         1                 
        19         10 16-SEP-10 Brindisi                      1                 

      NUMC       RANG DATEDEP   VILLES                  NBJOURS                 
---------- ---------- --------- -------------------- ----------                 
        19         11 16-SEP-10 Bari                          2                 
        19         12 16-SEP-10 Benevento                     2                 
        19         13 16-SEP-10 Caserte                       2                 
        19         14 16-SEP-10 Rome                          0                 
        19          0 10-DEC-10 Rome                          0                 
        19          1 10-DEC-10 Rome                          2                 
        19          2 10-DEC-10 Naples                        1                 
        19          3 10-DEC-10 Pompei                        1                 
        19          4 10-DEC-10 Capri                         1                 
        19          5 10-DEC-10 Salerne                       1                 
        19          6 10-DEC-10 Cosenza                       2                 

      NUMC       RANG DATEDEP   VILLES                  NBJOURS                 
---------- ---------- --------- -------------------- ----------                 
        19          7 10-DEC-10 Catanzaro                     1                 
        19          8 10-DEC-10 Metaponto                     1                 
        19          9 10-DEC-10 Lecce                         1                 
        19         10 10-DEC-10 Brindisi                      1                 
        19         11 10-DEC-10 Bari                          2                 
        19         12 10-DEC-10 Benevento                     2                 
        19         13 10-DEC-10 Caserte                       2                 
        19         14 10-DEC-10 Rome                          0                 
        19          0 20-DEC-10 Rome                          0                 
        19          1 20-DEC-10 Rome                          2                 
        19          2 20-DEC-10 Naples                        1                 

      NUMC       RANG DATEDEP   VILLES                  NBJOURS                 
---------- ---------- --------- -------------------- ----------                 
        19          3 20-DEC-10 Pompei                        1                 
        19          4 20-DEC-10 Capri                         1                 
        19          5 20-DEC-10 Salerne                       1                 
        19          6 20-DEC-10 Cosenza                       2                 
        19          7 20-DEC-10 Catanzaro                     1                 
        19          8 20-DEC-10 Metaponto                     1                 
        19          9 20-DEC-10 Lecce                         1                 
        19         10 20-DEC-10 Brindisi                      1                 
        19         11 20-DEC-10 Bari                          2                 
        19         12 20-DEC-10 Benevento                     2                 
        19         13 20-DEC-10 Caserte                       2                 

      NUMC       RANG DATEDEP   VILLES                  NBJOURS                 
---------- ---------- --------- -------------------- ----------                 
        19         14 20-DEC-10 Rome                          0                 
        20          0 22-DEC-09 Briancon                      0                 
        20          1 22-DEC-09 Briancon                      6                 
        20          2 22-DEC-09 Briancon                      0                 
        20          0 20-JAN-10 Briancon                      0                 
        20          1 20-JAN-10 Briancon                      6                 
        20          2 20-JAN-10 Briancon                      0                 
        20          0 27-JAN-10 Briancon                      0                 
        20          1 27-JAN-10 Briancon                      6                 
        20          2 27-JAN-10 Briancon                      0                 
        20          0 02-FEB-10 Briancon                      0                 

      NUMC       RANG DATEDEP   VILLES                  NBJOURS                 
---------- ---------- --------- -------------------- ----------                 
        20          1 02-FEB-10 Briancon                      6                 
        20          2 02-FEB-10 Briancon                      0                 
        20          0 06-FEB-10 Briancon                      0                 
        20          1 06-FEB-10 Briancon                      6                 
        20          2 06-FEB-10 Briancon                      0                 
        20          0 01-APR-10 Briancon                      0                 
        20          1 01-APR-10 Briancon                      6                 
        20          2 01-APR-10 Briancon                      0                 
        20          0 03-APR-10 Briancon                      0                 
        20          1 03-APR-10 Briancon                      6                 
        20          2 03-APR-10 Briancon                      0                 

      NUMC       RANG DATEDEP   VILLES                  NBJOURS                 
---------- ---------- --------- -------------------- ----------                 
        21          0 15-JAN-10 Paris                         0                 
        21          1 15-JAN-10 Helsinky                      2                 
        21          2 15-JAN-10 Ylivieska                     1                 
        21          3 15-JAN-10 Tornio                        1                 
        21          4 15-JAN-10 Cap Nord                      1                 
        21          5 15-JAN-10 Hammerfest                    1                 
        21          6 15-JAN-10 Inari                         1                 
        21          7 15-JAN-10 Salla                         1                 
        21          8 15-JAN-10 Saarijarvi                    2                 
        21          9 15-JAN-10 Rome                          3                 
        21         10 15-JAN-10 Florence                      3                 

      NUMC       RANG DATEDEP   VILLES                  NBJOURS                 
---------- ---------- --------- -------------------- ----------                 
        21         11 15-JAN-10 Ravenne                       2                 
        21         12 15-JAN-10 Verone                        1                 
        21         13 15-JAN-10 Venise                        3                 
        21         14 15-JAN-10 Rome                          0                 
        21          0 25-JAN-10 Paris                         0                 
        21          1 25-JAN-10 Helsinky                      2                 
        21          2 25-JAN-10 Ylivieska                     1                 
        21          3 25-JAN-10 Tornio                        1                 
        21          4 25-JAN-10 Cap Nord                      1                 
        21          5 25-JAN-10 Hammerfest                    1                 
        21          6 25-JAN-10 Inari                         1                 

      NUMC       RANG DATEDEP   VILLES                  NBJOURS                 
---------- ---------- --------- -------------------- ----------                 
        21          7 25-JAN-10 Salla                         1                 
        21          8 25-JAN-10 Saarijarvi                    2                 
        21          9 25-JAN-10 Rome                          3                 
        21         10 25-JAN-10 Florence                      3                 
        21         11 25-JAN-10 Ravenne                       2                 
        21         12 25-JAN-10 Verone                        1                 
        21         13 25-JAN-10 Venise                        3                 
        21         14 25-JAN-10 Rome                          0                 
        21          0 26-FEB-10 Paris                         0                 
        21          1 26-FEB-10 Helsinky                      2                 
        21          2 26-FEB-10 Ylivieska                     1                 

      NUMC       RANG DATEDEP   VILLES                  NBJOURS                 
---------- ---------- --------- -------------------- ----------                 
        21          3 26-FEB-10 Tornio                        1                 
        21          4 26-FEB-10 Cap Nord                      1                 
        21          5 26-FEB-10 Hammerfest                    1                 
        21          6 26-FEB-10 Inari                         1                 
        21          7 26-FEB-10 Salla                         1                 
        21          8 26-FEB-10 Saarijarvi                    2                 
        21          9 26-FEB-10 Rome                          3                 
        21         10 26-FEB-10 Florence                      3                 
        21         11 26-FEB-10 Ravenne                       2                 
        21         12 26-FEB-10 Verone                        1                 
        21         13 26-FEB-10 Venise                        3                 

      NUMC       RANG DATEDEP   VILLES                  NBJOURS                 
---------- ---------- --------- -------------------- ----------                 
        21         14 26-FEB-10 Rome                          0                 
        21          0 06-APR-10 Paris                         0                 
        21          1 06-APR-10 Helsinky                      2                 
        21          2 06-APR-10 Ylivieska                     1                 
        21          3 06-APR-10 Tornio                        1                 
        21          4 06-APR-10 Cap Nord                      1                 
        21          5 06-APR-10 Hammerfest                    1                 
        21          6 06-APR-10 Inari                         1                 
        21          7 06-APR-10 Salla                         1                 
        21          8 06-APR-10 Saarijarvi                    2                 
        21          9 06-APR-10 Rome                          3                 

      NUMC       RANG DATEDEP   VILLES                  NBJOURS                 
---------- ---------- --------- -------------------- ----------                 
        21         10 06-APR-10 Florence                      3                 
        21         11 06-APR-10 Ravenne                       2                 
        21         12 06-APR-10 Verone                        1                 
        21         13 06-APR-10 Venise                        3                 
        21         14 06-APR-10 Rome                          0                 

654 rows selected.

SQL> spool off;
